C:\Users\ASUS\OneDrive\Documents\NetBeansProjects\E-com\src\main\java\com\mycompany\e\com\dao\CategoryDao.java
C:\Users\ASUS\OneDrive\Documents\NetBeansProjects\E-com\src\main\java\com\mycompany\e\com\helper\Hekper.java
C:\Users\ASUS\OneDrive\Documents\NetBeansProjects\E-com\src\main\java\com\mycompany\e\com\servlets\ProductOperationServlet.java
C:\Users\ASUS\OneDrive\Documents\NetBeansProjects\E-com\src\main\java\com\mycompany\e\com\JakartaRestConfiguration.java
C:\Users\ASUS\OneDrive\Documents\NetBeansProjects\E-com\src\main\java\com\mycompany\e\com\dao\ProductDao.java
C:\Users\ASUS\OneDrive\Documents\NetBeansProjects\E-com\src\main\java\com\mycompany\e\com\servlets\LoginServlet.java
C:\Users\ASUS\OneDrive\Documents\NetBeansProjects\E-com\src\main\java\com\mycompany\e\com\entities\Product.java
C:\Users\ASUS\OneDrive\Documents\NetBeansProjects\E-com\src\main\java\com\mycompany\e\com\helper\FactoryProvider.java
C:\Users\ASUS\OneDrive\Documents\NetBeansProjects\E-com\src\main\java\com\mycompany\e\com\servlets\LogoutServlet.java
C:\Users\ASUS\OneDrive\Documents\NetBeansProjects\E-com\src\main\java\com\mycompany\e\com\entities\User.java
C:\Users\ASUS\OneDrive\Documents\NetBeansProjects\E-com\src\main\java\com\mycompany\e\com\entities\Category.java
C:\Users\ASUS\OneDrive\Documents\NetBeansProjects\E-com\src\main\java\com\mycompany\e\com\dao\UserDao.java
C:\Users\ASUS\OneDrive\Documents\NetBeansProjects\E-com\src\main\java\com\mycompany\e\com\servlets\RegisterServlet.java
